|N |Size  |Offset| Bytes |---------Row---------
|1	0000    0000        DATAA SEGMENT 
|2	0007    0000    53 74 72 5f 61 73 6d      STRING DB Str_asm 
|3	0004    0007    78536FDA     VD DD 78536FDAH 
|4	0002    000B    4C34     VW DW 4C34H 
|5	0002    000D    2BF2     VWA DW 2BF2H 
|6	0000    000F        DATAA ENDS 
|7	0000    0000        DATAB SEGMENT 
|8	0002    0000    678C     DA DW 678CH 
|9	0002    0002    5432     DC DW 5432H 
|10	0004    0004    0000     ADRESS DD FPROC 
|11	0004    0008    000B     ADR DD PROCA 
|12	0000    000C        DATAB ENDS 
|13	0000    0000        CODE SEGMENT 

|14					ASSUME CS : CODE , DS : DATAA , ES : DATAB 

|15	0000    0000        PROCESS PROC 
|16	0005    0000    3E: 8B 82 000B     MOV AX , VW [ BP + SI ] 
|17	0005    0005    3E: 8F 82 000D     POP VWA [ BP + SI ] 
|18	0001    000A    C3     RET 
|19	0000    000B        PROCESS ENDP 
|20	0000    000B        PROCA PROC 
|21	0003    000B    B9 0000     MOV CX , OFFSET DA 
|22	0002    000E    75 F0     JNE PROCESS 
|23	0001    0010    C3     RET 
|24	0000    0011        PROCA ENDP 
|25	0000    0011        START PROC 
|26	0004    0011    75 17 90 90     JNE LP 
|27	0005    0015    26: FF 36 0000     PUSH DA 
|28	0005    001A    26: FF 36 0002     PUSH DC 
|29	0003    001F    E8 FFDE     CALL PROCESS 
|30	0003    0022    BB 0000     MOV BX , OFFSET PROCESS 
|31	0003    0025    68 0007     PUSH OFFSET VD 
|32	0002    0028    FF D3     CALL BX 
|33	0000    002A        LP : 
|34	0005    002A    26: FF 1E 0004     CALL ADRESS 
|35	0000    002F        START ENDP 
|36	0000    002F        CODE ENDS 
|37	0000    0000        CODEB SEGMENT 

|38					ASSUME CS : CODEB , ES : DATAA , DS : DATAB 

|39	0000    0000        FPROC PROC 
|40	0003    0000    B9 0000     MOV CX , OFFSET STRING 
|41	0004    0003    FF 1E 0008     CALL ADR 
|42	0005    0007    26: FF 99 0007     CALL VD [ BX + DI ] 
|43	0000    000C        FPROC ENDP 
|44	0000    000C        CODEB ENDS 

|45					END START 


_______________________________________________
|  Segment register   |       Assignment      |
|_____________________|_______________________|
|		 CS			  |		      CODE		  |
|		 DS			  |		     DATAA		  |
|		 SS			  |		   Nothing		  |
|		 ES			  |		     DATAB		  |
|		 GS			  |		   Nothing		  |
|		 FS			  |		   Nothing		  |
|_____________________|_______________________|
_______________________________________________
|  Segment register   |       Assignment      |
|_____________________|_______________________|
|		 CS			  |		     CODEB		  |
|		 DS			  |		     DATAB		  |
|		 SS			  |		   Nothing		  |
|		 ES			  |		     DATAA		  |
|		 GS			  |		   Nothing		  |
|		 FS			  |		   Nothing		  |
|_____________________|_______________________|
_____________________________________________________________
|Segment name |		Default bit rate	   | Current offset |
|_____________|____________________________|________________|
|       DATAA |              16			   |		000f 	|
|_____________|____________________________|________________|
|       DATAB |              16			   |		000c 	|
|_____________|____________________________|________________|
|        CODE |              16			   |		002f 	|
|_____________|____________________________|________________|
|       CODEB |              16			   |		000c 	|
|_____________|____________________________|________________|

____________________________________________
| Identifier  |   Type    |      Value     |
|_____________|___________|________________|
|     DATAA   |    Segment|        ---: ---|
|_____________|___________|________________|
|     DATAB   |    Segment|        ---: ---|
|_____________|___________|________________|
|      CODE   |    Segment|        ---: ---|
|_____________|___________|________________|
|     CODEB   |    Segment|        ---: ---|
|_____________|___________|________________|
|    STRING   |       Byte|      DATAA:0000|
|_____________|___________|________________|
|        VD   |      Dword|      DATAA:0007|
|_____________|___________|________________|
|        VW   |       Word|      DATAA:000B|
|_____________|___________|________________|
|       VWA   |       Word|      DATAA:000D|
|_____________|___________|________________|
|        DA   |       Word|      DATAB:0000|
|_____________|___________|________________|
|        DC   |       Word|      DATAB:0002|
|_____________|___________|________________|
|    ADRESS   |      Dword|      DATAB:0004|
|_____________|___________|________________|
|       ADR   |      Dword|      DATAB:0008|
|_____________|___________|________________|
|        LP   |       Near|       CODE:002A|
|_____________|___________|________________|
|   PROCESS   |       Near|       CODE:0000|
|_____________|___________|________________|
|     PROCA   |       Near|       CODE:000B|
|_____________|___________|________________|
|     START   |       Near|       CODE:0011|
|_____________|___________|________________|
|     FPROC   |       Near|      CODEB:0000|
|_____________|___________|________________|
